// Jest Snapshot v1, https://goo.gl/fbAQLP

exports[`ListNetworkServer list 1`] = `ShallowWrapper {}`;
